../Core/Src/main.c:77:6:activa_alarma	8	static
../Core/Src/main.c:91:5:encender_led	16	static
../Core/Src/main.c:95:6:sensor_distancia	16	static
../Core/Src/main.c:102:6:HAL_ADC_ConvCpltCallback	16	static
../Core/Src/main.c:114:5:main	8	static
../Core/Src/main.c:181:6:SystemClock_Config	88	static
../Core/Src/main.c:228:13:MX_ADC1_Init	24	static
../Core/Src/main.c:290:13:MX_TIM3_Init	48	static
../Core/Src/main.c:346:13:MX_DMA_Init	16	static
../Core/Src/main.c:364:13:MX_GPIO_Init	48	static
../Core/Src/main.c:427:6:HAL_TIM_IC_CaptureCallback	16	static
../Core/Src/main.c:454:6:Error_Handler	4	static,ignoring_inline_asm
